2026-06-09 10:20:49,886 - INFO - ETL Pipeline Started
2026-06-09 10:20:49,888 - INFO - Extraction phase started
2026-06-09 10:20:49,888 - INFO - Extraction phase completed
2026-06-09 10:20:49,888 - INFO - Transformation phase started
2026-06-09 10:20:49,889 - INFO - Transformation phase completed
2026-06-09 10:20:49,889 - INFO - Loading phase started
2026-06-09 10:20:49,890 - INFO - Loading phase completed
2026-06-09 10:20:49,890 - INFO - ETL Pipeline Completed Successfully
2026-06-09 10:25:51,319 - INFO - ETL Pipeline Started
2026-06-09 10:25:51,320 - INFO - Extraction phase started
2026-06-09 10:25:51,322 - INFO - Extraction phase completed
2026-06-09 10:25:51,322 - INFO - Transformation phase started
2026-06-09 10:25:51,325 - INFO - Transformation phase completed
2026-06-09 10:25:51,325 - INFO - Loading phase started
2026-06-09 10:25:51,325 - INFO - Loading phase completed
2026-06-09 10:25:51,326 - INFO - ETL Pipeline Completed Successfully
2026-06-10 10:44:33,138 - INFO - ETL Pipeline Started
2026-06-10 10:44:33,139 - INFO - Extraction phase started
2026-06-10 10:44:33,141 - INFO - Extraction phase completed
2026-06-10 10:44:33,141 - INFO - Transformation phase started
2026-06-10 10:44:33,141 - INFO - Transformation phase completed
2026-06-10 10:44:33,142 - INFO - Loading phase started
2026-06-10 10:44:33,143 - INFO - Loading phase completed
2026-06-10 10:44:33,144 - INFO - ETL Pipeline Completed Successfully
2026-06-10 10:46:58,694 - INFO - ETL Pipeline Started
2026-06-10 10:46:58,695 - INFO - Extraction phase started
2026-06-10 10:46:58,696 - INFO - Extraction phase completed
2026-06-10 10:46:58,696 - INFO - Transformation phase started
2026-06-10 10:46:58,697 - INFO - Transformation phase completed
2026-06-10 10:46:58,697 - INFO - Loading phase started
2026-06-10 10:46:58,697 - INFO - Loading phase completed
2026-06-10 10:46:58,698 - INFO - ETL Pipeline Completed Successfully
2026-06-11 17:16:36,642 - INFO - ETL Pipeline Started
2026-06-11 17:16:36,644 - INFO - Extraction phase started
2026-06-11 17:16:36,645 - INFO - Extraction phase completed
2026-06-11 17:16:36,645 - INFO - Transformation phase started
2026-06-11 17:16:36,646 - INFO - Transformation phase completed
2026-06-11 17:16:36,646 - INFO - Loading phase started
2026-06-11 17:16:36,647 - INFO - Loading phase completed
2026-06-11 17:16:36,648 - INFO - ETL Pipeline Completed Successfully
2026-06-18 11:09:58,208 - INFO - ETL Pipeline Started
2026-06-18 11:09:58,213 - INFO - Extraction phase started
2026-06-18 11:09:58,226 - INFO - Extraction phase completed
2026-06-18 11:09:58,226 - INFO - Transformation phase started
2026-06-18 11:09:58,227 - INFO - Transformation phase completed
2026-06-18 11:09:58,227 - INFO - Loading phase started
2026-06-18 11:09:58,237 - INFO - Loading phase completed
2026-06-18 11:09:58,243 - INFO - ETL Pipeline Completed Successfully
2026-06-22 10:57:49,030 - INFO - ETL Pipeline Started
2026-06-22 10:57:49,032 - INFO - Extraction phase started
2026-06-22 10:57:52,513 - INFO - Extraction phase completed
2026-06-22 10:57:52,513 - INFO - Transformation phase started
2026-06-22 10:57:52,514 - INFO - Transformation phase completed
2026-06-22 10:57:52,514 - INFO - Loading phase started
2026-06-22 10:57:52,514 - INFO - Loading phase completed
2026-06-22 10:57:52,514 - INFO - ETL Pipeline Completed Successfully
2026-06-25 17:30:30,651 - INFO - ETL Pipeline Started
2026-06-25 17:30:30,653 - INFO - Extraction phase started
2026-06-25 17:30:35,042 - INFO - Extraction phase completed
2026-06-25 17:30:35,042 - INFO - Transformation phase started
2026-06-25 17:30:35,043 - INFO - Transformation phase completed
2026-06-25 17:30:35,043 - INFO - Loading phase started
2026-06-25 17:30:35,044 - INFO - Loading phase completed
2026-06-25 17:30:35,044 - INFO - ETL Pipeline Completed Successfully
2026-06-25 17:31:08,840 - INFO - ETL Pipeline Started
2026-06-25 17:31:08,841 - INFO - Extraction phase started
2026-06-25 17:31:12,176 - INFO - Extraction phase completed
2026-06-25 17:31:12,176 - INFO - Transformation phase started
2026-06-25 17:31:12,177 - INFO - Transformation phase completed
2026-06-25 17:31:12,177 - INFO - Loading phase started
2026-06-25 17:31:12,177 - INFO - Loading phase completed
2026-06-25 17:31:12,179 - INFO - ETL Pipeline Completed Successfully
2026-06-29 20:11:41,779 - INFO - ETL Pipeline Started
2026-06-29 20:11:41,780 - INFO - Extraction phase started
2026-06-29 20:11:46,291 - INFO - Extraction phase completed
2026-06-29 20:11:46,291 - INFO - Transformation phase started
2026-06-29 20:11:46,294 - INFO - Transformation phase completed
2026-06-29 20:11:46,295 - INFO - Loading phase started
2026-06-29 20:11:46,296 - INFO - Loading phase completed
2026-06-29 20:11:46,297 - INFO - ETL Pipeline Completed Successfully
2026-07-01 20:28:30,415 - INFO - ETL Pipeline Started
2026-07-01 20:28:30,416 - INFO - Extraction phase started
2026-07-01 20:28:39,324 - INFO - Extraction phase completed
2026-07-01 20:28:39,324 - INFO - Transformation phase started
2026-07-01 20:28:39,324 - INFO - Transformation phase completed
2026-07-01 20:28:39,324 - INFO - Loading phase started
2026-07-01 20:28:39,325 - INFO - Loading phase completed
2026-07-01 20:28:39,325 - INFO - ETL Pipeline Completed Successfully
2026-07-01 20:46:42,767 - INFO - ETL Pipeline Started
2026-07-01 20:46:42,768 - INFO - Extraction phase started
2026-07-01 20:46:50,856 - INFO - Extraction phase completed
2026-07-01 20:46:50,856 - INFO - Transformation phase started
2026-07-01 20:46:50,857 - INFO - Transformation phase completed
2026-07-01 20:46:50,857 - INFO - Loading phase started
2026-07-01 20:46:50,858 - INFO - Loading phase completed
2026-07-01 20:46:50,858 - INFO - ETL Pipeline Completed Successfully
2026-07-01 20:48:35,375 - INFO - ETL Pipeline Started
2026-07-01 20:48:35,376 - INFO - Extraction phase started
2026-07-01 20:48:40,522 - INFO - Extraction phase completed
2026-07-01 20:48:40,523 - INFO - Transformation phase started
2026-07-01 20:48:40,530 - INFO - Transformation phase completed
2026-07-01 20:48:40,531 - INFO - Loading phase started
2026-07-01 20:48:40,531 - INFO - Loading phase completed
2026-07-01 20:48:40,535 - INFO - ETL Pipeline Completed Successfully
2026-07-01 20:49:49,555 - INFO - ETL Pipeline Started
2026-07-01 20:49:49,557 - INFO - Extraction phase started
2026-07-01 20:49:54,726 - INFO - Extraction phase completed
2026-07-01 20:49:54,726 - INFO - Transformation phase started
2026-07-01 20:49:54,729 - INFO - Transformation phase completed
2026-07-01 20:49:54,729 - INFO - Loading phase started
2026-07-01 20:49:54,734 - INFO - Loading phase completed
2026-07-01 20:49:54,736 - INFO - ETL Pipeline Completed Successfully
